// Vitest Snapshot v1, https://vitest.dev/guide/snapshot.html

exports[`HotelCard > should render component properly 1`] = `
"<div data-v-be666f43="" class="q-card row no-shadow q-mb-md hotel-card-container">
  <div data-v-be666f43="" class="q-card__section q-card__section--vert image-container col-12 col-sm-3 q-pa-none">
    <div data-v-be666f43="" class="q-carousel q-panel-parent q-carousel--without-padding q-carousel--arrows-horizontal custom-border" style="height: 250px;">
      <div class="q-carousel__slides-container">
        <transition-stub appear="false" persisted="false" css="true">
          <div class="q-panel scroll" style="--q-transition-duration: 300ms;" role="tabpanel">
            <div data-v-be666f43="" class="q-carousel__slide fit" style="background-image: url(&quot;https://s3.amazonaws.com/e-htl/uploads/hotels/10415/10415_10.JPG&quot;);"></div>
          </div>
        </transition-stub>
      </div>
      <div class="q-carousel__control q-carousel__arrow q-carousel__prev-arrow q-carousel__prev-arrow--horizontal absolute flex flex-center"><button class="q-btn q-btn-item non-selectable no-outline q-btn--standard q-btn--round bg-white text-grey q-btn--actionable q-focusable q-hoverable q-btn--dense" tabindex="0" type="button" regular="true"><span class="q-focus-helper"></span><span class="q-btn__content text-center col items-center q-anchor--skip justify-center row"><i class="q-icon notranslate material-icons" aria-hidden="true" role="img">chevron_left</i></span></button></div>
      <div class="q-carousel__control q-carousel__arrow q-carousel__next-arrow q-carousel__next-arrow--horizontal absolute flex flex-center"><button class="q-btn q-btn-item non-selectable no-outline q-btn--standard q-btn--round bg-white text-grey q-btn--actionable q-focusable q-hoverable q-btn--dense" tabindex="0" type="button" regular="true"><span class="q-focus-helper"></span><span class="q-btn__content text-center col items-center q-anchor--skip justify-center row"><i class="q-icon notranslate material-icons" aria-hidden="true" role="img">chevron_right</i></span></button></div>
    </div>
  </div>
  <div data-v-be666f43="" class="q-card__section q-card__section--vert col-12 col-sm-6">
    <p data-v-be666f43="" class="text-h5 q-mb-none cursor-pointer">Nacional Inn Belo Horizonte</p><span data-v-be666f43="" class="text-grey-6">Rua Espírito Santo, 215 - Centro</span>
    <div data-v-be666f43="" class="q-ma-none q-my-sm row items-center q-gutter-x-sm">3.0 <div data-v-be666f43="" class="q-rating row inline items-center q-rating--non-editable text-yellow-7 no-shadow" style="font-size: 18px;" role="radiogroup" aria-readonly="true">
        <div class="q-rating__icon-container flex flex-center" role="radio" aria-checked="false" aria-label="grade 1"><i class="q-icon notranslate material-icons q-rating__icon q-rating__icon--active text-yellow-7" aria-hidden="true">grade</i></div>
        <div class="q-rating__icon-container flex flex-center" role="radio" aria-checked="false" aria-label="grade 2"><i class="q-icon notranslate material-icons q-rating__icon q-rating__icon--active text-yellow-7" aria-hidden="true">grade</i></div>
        <div class="q-rating__icon-container flex flex-center" role="radio" aria-checked="true" aria-label="grade 3"><i class="q-icon notranslate material-icons q-rating__icon q-rating__icon--active text-yellow-7" aria-hidden="true">grade</i></div>
        <div class="q-rating__icon-container flex flex-center" role="radio" aria-checked="false" aria-label="grade 4"><i class="q-icon notranslate material-icons q-rating__icon text-yellow-7" aria-hidden="true">grade</i></div>
        <div class="q-rating__icon-container flex flex-center" role="radio" aria-checked="false" aria-label="grade 5"><i class="q-icon notranslate material-icons q-rating__icon text-yellow-7" aria-hidden="true">grade</i></div>
      </div>
      <hr data-v-be666f43="" class="q-separator q-separator--vertical bg-grey" aria-orientation="vertical"><i data-v-be666f43="" class="q-icon notranslate material-icons" style="font-size: 18px;" aria-hidden="true">wifi
        <!---->
      </i><i data-v-be666f43="" class="q-icon notranslate material-icons" style="font-size: 18px;" aria-hidden="true">restaurant
        <!---->
      </i><i data-v-be666f43="" class="q-icon notranslate material-icons" style="font-size: 18px;" aria-hidden="true">room_service
        <!---->
      </i>
    </div>
    <div data-v-be666f43="" class="q-chip row inline no-wrap items-center bg-grey text-white q-chip--colored q-chip--square text-weight-medium">
      <div class="q-chip__content col row no-wrap items-center q-anchor--skip"> Reembolsável </div>
    </div>
  </div>
  <div data-v-be666f43="" class="q-card__section q-card__section--vert col-12 col-sm-3">
    <hr data-v-be666f43="" class="q-separator q-separator--vertical bg-grey-3 custom-separator" aria-orientation="vertical">
    <p data-v-be666f43="" class="q-mb-xs text-grey-6 text-caption"> A partir de: </p>
    <p data-v-be666f43="" class="q-mb-xs"> R$ <span data-v-be666f43="" class="text-h5">100,00</span></p>
    <p data-v-be666f43="" class="q-mb-none text-grey-6 text-caption"> R$33,33/noite </p>
    <p data-v-be666f43="" class="text-grey-7 q-mb-xl text-caption"> Impostos inclusos </p>
    <div data-v-be666f43="" class="row"><button data-v-be666f43="" class="q-btn q-btn-item non-selectable no-outline q-btn--standard q-btn--rectangle q-btn--rounded bg-primary text-white q-btn--actionable q-focusable q-hoverable q-btn--no-uppercase col-12 col-sm-auto" style="font-size: 14px; min-width: 140px;" tabindex="0" type="button"><span class="q-focus-helper"></span><span class="q-btn__content text-center col items-center q-anchor--skip justify-center row"> Selecionar </span></button></div>
  </div>
</div>"
`;
