// Vitest Snapshot v1, https://vitest.dev/guide/snapshot.html

exports[`IndexPage > should render component properly 1`] = `
"<div data-v-2373a833="" class="q-layout q-layout--standard" style="min-height: 768px;" tabindex="-1">
  <!---->
  <!---->
  <div data-v-2373a833="" class="col-12 col-md-8">
    <hotel-search-stub data-v-2373a833=""></hotel-search-stub>
    <div data-v-2373a833="" class="row justify-between q-my-md">
      <app-breadcrumb-stub data-v-2373a833="" breadcrumbitems="[object Object],[object Object]"></app-breadcrumb-stub>
      <hotel-sort-stub data-v-2373a833=""></hotel-sort-stub>
    </div>
    <hotel-cards-container-stub data-v-2373a833=""></hotel-cards-container-stub>
  </div>
</div>
<!--v-if-->
<div data-v-2373a833="" class="q-drawer-container">
  <aside class="q-drawer q-drawer--right q-drawer--bordered q-layout--prevent-focus q-drawer--standard fixed q-drawer--on-top" style="width: 900px; transform: translateX(900px);">
    <div full-height="true" class="q-drawer__content fit scroll z-max">
      <!--v-if-->
    </div>
  </aside>
</div>"
`;
